
> backend@1.0.0 test
> node --experimental-vm-modules node_modules/jest-cli/bin/jest.js --runInBand

node.exe : (node:30544) ExperimentalWarning: VM Modules is an 
experimental feature and might change at any time
At line:1 char:1
+ & "D:\Programming\Tools/node.exe" 
"C:\Users\ils\AppData\Roaming\npm/n ...
+ ~~~~~~~~~~~~~~~~~~~~~~~~~~~~~~~~~~~~~~~~~~~~~~~~~~~~~~~~~~~~~~~~
~~~~~
    + CategoryInfo          : NotSpecified: ((node:30544) Ex...ng 
   e at any time:String) [], RemoteException
    + FullyQualifiedErrorId : NativeCommandError
 
(Use `node --trace-warnings ...` to show where the warning was 
created)
FAIL tests/relay.test.js (9.697 s)
  ΓùÅ Console

    console.log
      [db] PostgreSQL connected

      at log (config/db.js:13:13)

    console.log
      [redis] Redis connected

      at Class.log (config/redis.js:6:36)

    console.log
      [socket] driver joined room 
trip:02587ea3-d103-4ff0-9f47-9c411bc0e421 (Socket: 
8YTpr8VmuALRPN2XAAAB)

      at Namespace.log (socket/io.js:43:17)

    console.warn
      [socket] Auth failed for driver on trip 
99999999-9999-9999-9999-999999999999: No session key

    [0m [90m 34 |[39m
     [90m 35 |[39m         [36mif[39m 
([33m![39msessionData) {
    [31m[1m>[22m[39m[90m 36 |[39m             
console[33m.[39mwarn([32m`[socket] Auth failed for ${role} on 
trip ${tripId}: No session key`[39m)[33m;[39m
     [90m    |[39m                     [31m[1m^[22m[39m
     [90m 37 |[39m             
socket[33m.[39memit([32m'auth_error'[39m[33m,[39m [32m'No 
active session for this trip'[39m)[33m;[39m
     [90m 38 |[39m             [36mreturn[39m 
socket[33m.[39mdisconnect([36mtrue[39m)[33m;[39m
     [90m 39 |[39m         }[0m

      at Namespace.warn (socket/io.js:36:21)

    console.log
      [socket] client joined room 
trip:02587ea3-d103-4ff0-9f47-9c411bc0e421 (Socket: 
5AuMizLi1RDZDorpAAAF)

      at Namespace.log (socket/io.js:43:17)

    console.log
      [socket] driver disconnected from room 
trip:02587ea3-d103-4ff0-9f47-9c411bc0e421 (Socket: 
8YTpr8VmuALRPN2XAAAB)

      at Socket.log (socket/io.js:85:21)
          at Map.forEach (<anonymous>)
          at Array.map (<anonymous>)

    console.log
      [socket] client disconnected from room 
trip:02587ea3-d103-4ff0-9f47-9c411bc0e421 (Socket: 
5AuMizLi1RDZDorpAAAF)

      at Socket.log (socket/io.js:85:21)
          at Map.forEach (<anonymous>)
          at Array.map (<anonymous>)

  ΓùÅ WebSocket Relay & Ephemeral Privacy Guarantees ΓÇ║ Test 5: 
Broadcasts explicit Channel Closure upon Trip Completion

    expect(received).toBe(expected) // Object.is equality

    Expected: 200
    Received: 409

    [0m [90m 209 |[39m         [36mconst[39m completeRes 
[33m=[39m [36mawait[39m request(app)[33m.[39mpatch([32m`/ap
i/trips/${testTripId}/complete`[39m)
     [90m 210 |[39m             
[33m.[39m[36mset[39m([32m'Authorization'[39m[33m,[39m 
[32m`Bearer ${driverToken}`[39m)[33m;[39m
    [31m[1m>[22m[39m[90m 211 |[39m         expect(completeRe
s[33m.[39mstatus)[33m.[39mtoBe([35m200[39m)[33m;[39m
     [90m     |[39m                                    
[31m[1m^[22m[39m
     [90m 212 |[39m
     [90m 213 |[39m         [90m// Await the push 
notifications[39m
     [90m 214 |[39m         [36mconst[39m 
[driverClosed[33m,[39m clientClosed] [33m=[39m 
[36mawait[39m 
[33mPromise[39m[33m.[39mall([driverPromise[33m,[39m 
clientPromise])[33m;[39m[0m

      at Object.toBe (tests/relay.test.js:211:36)

FAIL tests/trips.test.js (8.13 s)
  ΓùÅ Console

    console.log
      [db] PostgreSQL connected

      at log (config/db.js:13:13)

    console.log
      [redis] Redis connected

      at Class.log (config/redis.js:6:36)

  ΓùÅ Trip Lifecycle & Privacy Guarantees ΓÇ║ Test 3: Ephemeral 
session creation ΓÇö Accept trip & verify Redis channels

    expect(received).toBe(expected) // Object.is equality

    Expected: "in_progress"
    Received: "accepted"

    [0m [90m 153 |[39m
     [90m 154 |[39m         expect(acceptRes[33m.[39mstatus)[
33m.[39mtoBe([35m200[39m)[33m;[39m
    [31m[1m>[22m[39m[90m 155 |[39m         expect(acceptRes
[33m.[39mbody[33m.[39mstatus)[33m.[39mtoBe([32m'in_progress'
[39m)[33m;[39m
     [90m     |[39m                                       
[31m[1m^[22m[39m
     [90m 156 |[39m
     [90m 157 |[39m         [90m// Verify Redis channels were 
created[39m
     [90m 158 |[39m         [36mconst[39m postStatusRes 
[33m=[39m [36mawait[39m request(app)[0m

      at Object.toBe (tests/trips.test.js:155:39)

  ΓùÅ Trip Lifecycle & Privacy Guarantees ΓÇ║ Test 4: Guaranteed 
session destruction ΓÇö Complete trip & verify Redis wiped

    expect(received).toBe(expected) // Object.is equality

    Expected: 200
    Received: 409

    [0m [90m 179 |[39m             
[33m.[39m[36mset[39m([32m'Authorization'[39m[33m,[39m 
[32m`Bearer ${driverToken}`[39m)[33m;[39m
     [90m 180 |[39m
    [31m[1m>[22m[39m[90m 181 |[39m         expect(completeRe
s[33m.[39mstatus)[33m.[39mtoBe([35m200[39m)[33m;[39m
     [90m     |[39m                                    
[31m[1m^[22m[39m
     [90m 182 |[39m         expect(completeRes[33m.[39mbody[3
3m.[39mstatus)[33m.[39mtoBe([32m'completed'[39m)[33m;[39m
     [90m 183 |[39m
     [90m 184 |[39m         [90m// Verify Redis channels were 
destroyed instantly and complaint window opened[39m[0m

      at Object.toBe (tests/trips.test.js:181:36)

FAIL tests/bookings.test.js (6.787 s)
  ΓùÅ Console

    console.log
      [db] PostgreSQL connected

      at log (config/db.js:13:13)

    console.log
      [redis] Redis connected

      at Class.log (config/redis.js:6:36)

    console.error
      [bookings] history error: error: column "created_at" does 
not exist
          at D:\Programming\Development\Ephemral_fleet_ops_comms\b
ackend\node_modules\pg-pool\index.js:45:11
          at processTicksAndRejections 
(node:internal/process/task_queues:103:5)
          at D:\Programming\Development\Ephemral_fleet_ops_comms\b
ackend\routes\bookings.js:210:31 {
        length: 110,
        severity: 'ERROR',
        code: '42703',
        detail: undefined,
        hint: undefined,
        position: '78',
        internalPosition: undefined,
        internalQuery: undefined,
        where: undefined,
        schema: undefined,
        table: undefined,
        column: undefined,
        dataType: undefined,
        constraint: undefined,
        file: 'parse_relation.c',
        line: '3716',
        routine: 'errorMissingColumn'
      }

    [0m [90m 218 |[39m         [36mreturn[39m res[33m.[39ms
tatus([35m200[39m)[33m.[39mjson(historyResult[33m.[39mrows)
[33m;[39m
     [90m 219 |[39m     } [36mcatch[39m (err) {
    [31m[1m>[22m[39m[90m 220 |[39m         
console[33m.[39merror([32m'[bookings] history 
error:'[39m[33m,[39m err)[33m;[39m
     [90m     |[39m                 [31m[1m^[22m[39m
     [90m 221 |[39m         [36mreturn[39m 
res[33m.[39mstatus([35m500[39m)[33m.[39mjson({ 
error[33m:[39m [32m'Internal server error while retrieving 
history'[39m })[33m;[39m
     [90m 222 |[39m     }
     [90m 223 |[39m })[33m;[39m[0m

      at error (routes/bookings.js:220:17)

  ΓùÅ Client Authentication & Privacy Guarantees ΓÇ║ Scenario 7: 
Booking history data minimisation

    expected 200 "OK", got 500 "Internal Server Error"

    [0m [90m 196 |[39m             
[33m.[39m[36mget[39m([32m`${API}/history`[39m)
     [90m 197 |[39m             
[33m.[39m[36mset[39m([32m'Cookie'[39m[33m,[39m 
clientSessionCookie)
    [31m[1m>[22m[39m[90m 198 |[39m             
[33m.[39mexpect([35m200[39m)[33m;[39m
     [90m     |[39m              [31m[1m^[22m[39m
     [90m 199 |[39m
     [90m 200 |[39m         expect([33mArray[39m[33m.[39misA
rray(response[33m.[39mbody))[33m.[39mtoBe([36mtrue[39m)[33m
;[39m
     [90m 201 |[39m         expect(response[33m.[39mbody[33m.
[39mlength)[33m.[39mtoBeGreaterThan([35m0[39m)[33m;[39m[0m

      at Object.expect (tests/bookings.test.js:198:14)
      ----
      at Test._assertStatus 
(node_modules/supertest/lib/test.js:309:14)
      at node_modules/supertest/lib/test.js:365:13
      at Test._assertFunction 
(node_modules/supertest/lib/test.js:342:13)
      at Test.assert (node_modules/supertest/lib/test.js:195:23)
      at localAssert (node_modules/supertest/lib/test.js:138:14)
      at Server.<anonymous> 
(node_modules/supertest/lib/test.js:152:11)

PASS tests/driverTrips.test.js (14.818 s)
  ΓùÅ Console

    console.log
      [db] PostgreSQL connected

      at log (config/db.js:13:13)

    console.log
      [redis] Redis connected

      at Class.log (config/redis.js:6:36)

PASS tests/conditionalPersistence.test.js (14.809 s)
  ΓùÅ Console

    console.log
      [db] PostgreSQL connected

      at log (config/db.js:13:13)

    console.log
      [redis] Redis connected

      at Class.log (config/redis.js:6:36)

PASS tests/roster.test.js (12.375 s)
  ΓùÅ Console

    console.log
      [db] PostgreSQL connected

      at log (config/db.js:13:13)

    console.log
      [redis] Redis connected

      at Class.log (config/redis.js:6:36)

PASS tests/complaints.test.js (12.074 s)
  ΓùÅ Console

    console.log
      [db] PostgreSQL connected

      at log (config/db.js:13:13)

    console.log
      [redis] Redis connected

      at Class.log (config/redis.js:6:36)

PASS tests/investigation.test.js (7.424 s)
  ΓùÅ Console

    console.log
      [db] PostgreSQL connected

      at log (config/db.js:13:13)

    console.log
      [redis] Redis connected

      at Class.log (config/redis.js:6:36)

PASS tests/driverAuth.test.js (5.683 s)
  ΓùÅ Console

    console.log
      [db] PostgreSQL connected

      at log (config/db.js:13:13)

    console.log
      [redis] Redis connected

      at Class.log (config/redis.js:6:36)

PASS tests/auth.test.js
  ΓùÅ Console

    console.log
      [db] PostgreSQL connected

      at log (config/db.js:13:13)

    console.log
      [redis] Redis connected

      at Class.log (config/redis.js:6:36)


Test Suites: 3 failed, 7 passed, 10 total
Tests:       4 failed, 49 passed, 53 total
Snapshots:   0 total
Time:        96.094 s, estimated 123 s
Ran all test suites.
